// Jest Snapshot v1, https://goo.gl/fbAQLP

exports[`<SectionParticipate /> should match snapshot 1`] = `
.c8 {
  width: 100%;
  max-width: 255px;
  padding: calc(1.6rem - 0.4rem);
  font-weight: 600;
  text-transform: unset;
  font-size: 1.6rem;
  border: none;
  border-radius: 4px;
  cursor: pointer;
  color: #FFFFFF;
  background: linear-gradient(243.46deg,#FA5770 16.66%,#E83752 83.34%);
  -webkit-transition: all ease-in-out 300ms;
  transition: all ease-in-out 300ms;
}

.c8:hover {
  -webkit-transform: scale(1.01);
  -ms-transform: scale(1.01);
  transform: scale(1.01);
  box-shadow: -10px 15px 40px -15px #FA5770;
}

.c0 {
  width: 100%;
  margin: 0 auto;
  max-width: 1200px;
  padding: 3.2rem;
  display: -webkit-box;
  display: -webkit-flex;
  display: -ms-flexbox;
  display: flex;
  -webkit-box-pack: center;
  -webkit-justify-content: center;
  -ms-flex-pack: center;
  justify-content: center;
}

.c6 {
  font-size: 5.6rem;
  color: white;
  font-weight: 600;
  font-family: 'Raleway',sans-serif;
}

.c4 {
  background-image: linear-gradient(243.46deg,#FA5770 16.66%,#E83752 83.34%);
  background-clip: text;
  -webkit-background-clip: text;
  -webkit-text-fill-color: transparent;
  display: -webkit-box;
  display: -webkit-flex;
  display: -ms-flexbox;
  display: flex;
  -webkit-align-items: center;
  -webkit-box-align: center;
  -ms-flex-align: center;
  align-items: center;
  font-weight: 700;
  -webkit-letter-spacing: 15%;
  -moz-letter-spacing: 15%;
  -ms-letter-spacing: 15%;
  letter-spacing: 15%;
  text-transform: uppercase;
  font-size: calc(1.6rem - 0.2rem);
}

.c1 {
  width: 100%;
  display: -webkit-box;
  display: -webkit-flex;
  display: -ms-flexbox;
  display: flex;
  -webkit-align-items: center;
  -webkit-box-align: center;
  -ms-flex-align: center;
  align-items: center;
  -webkit-box-pack: justify;
  -webkit-justify-content: space-between;
  -ms-flex-pack: justify;
  justify-content: space-between;
  padding: 5.6rem 0;
}

.c2 > .c3 {
  margin-bottom: calc(1.6rem - 0.8rem);
}

.c2 > .c5 {
  max-width: 433px;
  margin-bottom: calc(1.6rem - 0.7rem);
}

.c7 {
  max-width: 416px;
  color: #A3A3A3;
  font-size: 1.6rem;
  margin-bottom: 5.6rem;
}

@media (max-width:768px) {
  .c6 {
    font-size: 4.0rem;
  }
}

@media (max-width:768px) {
  .c1 {
    -webkit-flex-direction: column;
    -ms-flex-direction: column;
    flex-direction: column;
    -webkit-box-pack: center;
    -webkit-justify-content: center;
    -ms-flex-pack: center;
    justify-content: center;
  }
}

@media (max-width:768px) {
  .c9 {
    width: 350px;
    margin-top: 3.2rem;
  }
}

<div
  class="c0"
>
  <section
    class="c1"
  >
    <div
      class="c2"
      data-aos="fade-right"
    >
      <span
        class="c3 c4"
        color="redGradient"
      >
        Participe
      </span>
      <h1
        class="c5 c6"
        color="white"
      >
        Aprenda Webhacking
      </h1>
      <p
        class="c7"
      >
        Lorem ipsum dolor sit amet, consectetur adipiscing elit. Aenean imperdiet velit suscipit suscipit luctus. Mauris in enim erat. Cras sit amet cursus nunc.
      </p>
      <button
        class="c8"
      >
        Quero me cadastrar
      </button>
    </div>
    <div
      class=""
      data-aos="fade-up"
    >
      <img
        alt="Illustration"
        class="c9"
        src="/images/ilustration-participe.svg"
      />
    </div>
  </section>
</div>
`
