// Jest Snapshot v1, https://goo.gl/fbAQLP

exports[`<SectionBackground /> should render the section with background and heading 1`] = `
.c0 {
  width: 100%;
  background-size: cover;
  background-position: center;
  background-repeat: no-repeat;
  background-image: url(/images/bg-hero.png);
}

<section
  class="c0"
>
  <h1>
    React App
  </h1>
</section>
`;
